// Jest Snapshot v1, https://goo.gl/fbAQLP

exports[`<Player /> renders the <Player /> with a bunny video 1`] = `
<div
  class="player__Container-mwg9t9-0"
>
  <button
    class="player__Button-mwg9t9-4 edyihA"
  >
    Play
  </button>
</div>
`;
